// Jest Snapshot v1, https://jestjs.io/docs/snapshot-testing

exports[`Visual Output Snapshots should match snapshot for help command 1`] = `
"Usage: worm-sign [options]

Scan your project for packages compromised by the Shai Hulud malware (supports
name/version and hash detection).

Options:
  -V, --version           output the version number
  -f, --fetch             Fetch the latest compromised packages from the API
  -s, --source <source>   Specific data source to fetch from (default: "all")
  -u, --url <url>         Custom API URL to fetch compromised packages from
  --data-format <format>  Data format for custom URL (json, csv) (default:
                          "json")
  -p, --path <path>       Path to the project to scan (defaults to current
                          directory)
  --format <format>       Output format (text, sarif) (default: "text")
  --no-cache              Disable caching of API responses
  --install-hook          Install a pre-commit hook to run worm-sign
  --dry-run               Run scan but always exit with 0 (useful for CI)
  --offline               Disable network requests (implies --no-fetch)
  --insecure              Disable SSL certificate verification (use with
                          caution)
  --debug                 Enable debug logging
  -h, --help              display help for command
"
`;

exports[`Visual Output Snapshots should match snapshot for version command 1`] = `
"3.1.0
"
`;
